<!DOCTYPE html>
<html lang="en">
<head>
    <meta charset="UTF-8">
    <title>test-fantasticon-1-normalize</title>

    <style>
        body {
            font-family: sans-serif;
            margin: 0;
            padding: 0.5rem;
            text-align: center;
            background-color: #f9f9f9;
        }
        a {
            color: #000000;
        }
        .preview {
            width: 12rem;
            display: inline-block;
            margin: 0.25rem;
            box-shadow: 1px 1px 2px 0px #b9b9b9;
            background: #ffffff;
            -webkit-border-radius: 3px;
            -moz-border-radius: 3px;
            border-radius: 3px;
        }
        .preview .inner {
            display: inline-block;
            width: 100%;
            text-align: center;
            background: #ffffff;
        }
        .preview .inner  {
            line-height: 2.5rem;
            font-size: 2.5rem;
            color: #000000;
            padding: 1rem;
            box-sizing: border-box;
        }
        .label {
            display: inline-block;
            width: 100%;
            font-size: 0.75rem;
            font-family: Monaco, monospace;
            white-space: nowrap;
            overflow: hidden;
            text-overflow: ellipsis;
            background: #fff;
            color: #585858;
        }
    </style>

    <link rel="stylesheet" type="text/css" href="test-fantasticon-1-normalize.css" />
</head>
<body>

    <h1>test-fantasticon-1-normalize</h1>


        <div class="preview">
            <span class="inner">
                <i class="icon icon-arrow-90deg-down"></i>
            </span>
            <br>
            <span class='label' title='arrow-90deg-down'>arrow-90deg-down</span>
        </div>


        <div class="preview">
            <span class="inner">
                <i class="icon icon-arrow-90deg-left"></i>
            </span>
            <br>
            <span class='label' title='arrow-90deg-left'>arrow-90deg-left</span>
        </div>


        <div class="preview">
            <span class="inner">
                <i class="icon icon-arrow-90deg-right"></i>
            </span>
            <br>
            <span class='label' title='arrow-90deg-right'>arrow-90deg-right</span>
        </div>


        <div class="preview">
            <span class="inner">
                <i class="icon icon-arrow-90deg-up"></i>
            </span>
            <br>
            <span class='label' title='arrow-90deg-up'>arrow-90deg-up</span>
        </div>


        <div class="preview">
            <span class="inner">
                <i class="icon icon-arrow-bar-down"></i>
            </span>
            <br>
            <span class='label' title='arrow-bar-down'>arrow-bar-down</span>
        </div>


        <div class="preview">
            <span class="inner">
                <i class="icon icon-arrow-bar-left"></i>
            </span>
            <br>
            <span class='label' title='arrow-bar-left'>arrow-bar-left</span>
        </div>


        <div class="preview">
            <span class="inner">
                <i class="icon icon-arrow-bar-right"></i>
            </span>
            <br>
            <span class='label' title='arrow-bar-right'>arrow-bar-right</span>
        </div>


        <div class="preview">
            <span class="inner">
                <i class="icon icon-arrow-bar-up"></i>
            </span>
            <br>
            <span class='label' title='arrow-bar-up'>arrow-bar-up</span>
        </div>


        <div class="preview">
            <span class="inner">
                <i class="icon icon-arrow-clockwise"></i>
            </span>
            <br>
            <span class='label' title='arrow-clockwise'>arrow-clockwise</span>
        </div>


        <div class="preview">
            <span class="inner">
                <i class="icon icon-arrow-counterclockwise"></i>
            </span>
            <br>
            <span class='label' title='arrow-counterclockwise'>arrow-counterclockwise</span>
        </div>


        <div class="preview">
            <span class="inner">
                <i class="icon icon-arrow-down-circle-fill"></i>
            </span>
            <br>
            <span class='label' title='arrow-down-circle-fill'>arrow-down-circle-fill</span>
        </div>


        <div class="preview">
            <span class="inner">
                <i class="icon icon-arrow-down-circle"></i>
            </span>
            <br>
            <span class='label' title='arrow-down-circle'>arrow-down-circle</span>
        </div>


        <div class="preview">
            <span class="inner">
                <i class="icon icon-arrow-down-left-circle-fill"></i>
            </span>
            <br>
            <span class='label' title='arrow-down-left-circle-fill'>arrow-down-left-circle-fill</span>
        </div>


        <div class="preview">
            <span class="inner">
                <i class="icon icon-arrow-down-left-circle"></i>
            </span>
            <br>
            <span class='label' title='arrow-down-left-circle'>arrow-down-left-circle</span>
        </div>


        <div class="preview">
            <span class="inner">
                <i class="icon icon-arrow-down-left-square-fill"></i>
            </span>
            <br>
            <span class='label' title='arrow-down-left-square-fill'>arrow-down-left-square-fill</span>
        </div>


        <div class="preview">
            <span class="inner">
                <i class="icon icon-arrow-down-left-square"></i>
            </span>
            <br>
            <span class='label' title='arrow-down-left-square'>arrow-down-left-square</span>
        </div>


        <div class="preview">
            <span class="inner">
                <i class="icon icon-arrow-down-left"></i>
            </span>
            <br>
            <span class='label' title='arrow-down-left'>arrow-down-left</span>
        </div>


        <div class="preview">
            <span class="inner">
                <i class="icon icon-arrow-down-right-circle-fill"></i>
            </span>
            <br>
            <span class='label' title='arrow-down-right-circle-fill'>arrow-down-right-circle-fill</span>
        </div>


        <div class="preview">
            <span class="inner">
                <i class="icon icon-arrow-down-right-circle"></i>
            </span>
            <br>
            <span class='label' title='arrow-down-right-circle'>arrow-down-right-circle</span>
        </div>


        <div class="preview">
            <span class="inner">
                <i class="icon icon-arrow-down-right-square-fill"></i>
            </span>
            <br>
            <span class='label' title='arrow-down-right-square-fill'>arrow-down-right-square-fill</span>
        </div>


        <div class="preview">
            <span class="inner">
                <i class="icon icon-arrow-down-right-square"></i>
            </span>
            <br>
            <span class='label' title='arrow-down-right-square'>arrow-down-right-square</span>
        </div>


        <div class="preview">
            <span class="inner">
                <i class="icon icon-arrow-down-right"></i>
            </span>
            <br>
            <span class='label' title='arrow-down-right'>arrow-down-right</span>
        </div>


        <div class="preview">
            <span class="inner">
                <i class="icon icon-arrow-down-short"></i>
            </span>
            <br>
            <span class='label' title='arrow-down-short'>arrow-down-short</span>
        </div>


        <div class="preview">
            <span class="inner">
                <i class="icon icon-arrow-down-square-fill"></i>
            </span>
            <br>
            <span class='label' title='arrow-down-square-fill'>arrow-down-square-fill</span>
        </div>


        <div class="preview">
            <span class="inner">
                <i class="icon icon-arrow-down-square"></i>
            </span>
            <br>
            <span class='label' title='arrow-down-square'>arrow-down-square</span>
        </div>


        <div class="preview">
            <span class="inner">
                <i class="icon icon-arrow-down-up"></i>
            </span>
            <br>
            <span class='label' title='arrow-down-up'>arrow-down-up</span>
        </div>


        <div class="preview">
            <span class="inner">
                <i class="icon icon-arrow-down"></i>
            </span>
            <br>
            <span class='label' title='arrow-down'>arrow-down</span>
        </div>


        <div class="preview">
            <span class="inner">
                <i class="icon icon-arrow-left-circle-fill"></i>
            </span>
            <br>
            <span class='label' title='arrow-left-circle-fill'>arrow-left-circle-fill</span>
        </div>


        <div class="preview">
            <span class="inner">
                <i class="icon icon-arrow-left-circle"></i>
            </span>
            <br>
            <span class='label' title='arrow-left-circle'>arrow-left-circle</span>
        </div>


        <div class="preview">
            <span class="inner">
                <i class="icon icon-arrow-left-right"></i>
            </span>
            <br>
            <span class='label' title='arrow-left-right'>arrow-left-right</span>
        </div>


        <div class="preview">
            <span class="inner">
                <i class="icon icon-arrow-left-short"></i>
            </span>
            <br>
            <span class='label' title='arrow-left-short'>arrow-left-short</span>
        </div>


        <div class="preview">
            <span class="inner">
                <i class="icon icon-arrow-left-square-fill"></i>
            </span>
            <br>
            <span class='label' title='arrow-left-square-fill'>arrow-left-square-fill</span>
        </div>


        <div class="preview">
            <span class="inner">
                <i class="icon icon-arrow-left-square"></i>
            </span>
            <br>
            <span class='label' title='arrow-left-square'>arrow-left-square</span>
        </div>


        <div class="preview">
            <span class="inner">
                <i class="icon icon-arrow-left"></i>
            </span>
            <br>
            <span class='label' title='arrow-left'>arrow-left</span>
        </div>


        <div class="preview">
            <span class="inner">
                <i class="icon icon-arrow-repeat"></i>
            </span>
            <br>
            <span class='label' title='arrow-repeat'>arrow-repeat</span>
        </div>


        <div class="preview">
            <span class="inner">
                <i class="icon icon-arrow-return-left"></i>
            </span>
            <br>
            <span class='label' title='arrow-return-left'>arrow-return-left</span>
        </div>


        <div class="preview">
            <span class="inner">
                <i class="icon icon-arrow-return-right"></i>
            </span>
            <br>
            <span class='label' title='arrow-return-right'>arrow-return-right</span>
        </div>


        <div class="preview">
            <span class="inner">
                <i class="icon icon-arrow-right-circle-fill"></i>
            </span>
            <br>
            <span class='label' title='arrow-right-circle-fill'>arrow-right-circle-fill</span>
        </div>


        <div class="preview">
            <span class="inner">
                <i class="icon icon-arrow-right-circle"></i>
            </span>
            <br>
            <span class='label' title='arrow-right-circle'>arrow-right-circle</span>
        </div>


        <div class="preview">
            <span class="inner">
                <i class="icon icon-arrow-right-short"></i>
            </span>
            <br>
            <span class='label' title='arrow-right-short'>arrow-right-short</span>
        </div>


        <div class="preview">
            <span class="inner">
                <i class="icon icon-arrow-right-square-fill"></i>
            </span>
            <br>
            <span class='label' title='arrow-right-square-fill'>arrow-right-square-fill</span>
        </div>


        <div class="preview">
            <span class="inner">
                <i class="icon icon-arrow-right-square"></i>
            </span>
            <br>
            <span class='label' title='arrow-right-square'>arrow-right-square</span>
        </div>


        <div class="preview">
            <span class="inner">
                <i class="icon icon-arrow-right"></i>
            </span>
            <br>
            <span class='label' title='arrow-right'>arrow-right</span>
        </div>


        <div class="preview">
            <span class="inner">
                <i class="icon icon-arrow-up-circle-fill"></i>
            </span>
            <br>
            <span class='label' title='arrow-up-circle-fill'>arrow-up-circle-fill</span>
        </div>


        <div class="preview">
            <span class="inner">
                <i class="icon icon-arrow-up-circle"></i>
            </span>
            <br>
            <span class='label' title='arrow-up-circle'>arrow-up-circle</span>
        </div>


        <div class="preview">
            <span class="inner">
                <i class="icon icon-arrow-up-left-circle-fill"></i>
            </span>
            <br>
            <span class='label' title='arrow-up-left-circle-fill'>arrow-up-left-circle-fill</span>
        </div>


        <div class="preview">
            <span class="inner">
                <i class="icon icon-arrow-up-left-circle"></i>
            </span>
            <br>
            <span class='label' title='arrow-up-left-circle'>arrow-up-left-circle</span>
        </div>


        <div class="preview">
            <span class="inner">
                <i class="icon icon-arrow-up-left-square-fill"></i>
            </span>
            <br>
            <span class='label' title='arrow-up-left-square-fill'>arrow-up-left-square-fill</span>
        </div>


        <div class="preview">
            <span class="inner">
                <i class="icon icon-arrow-up-left-square"></i>
            </span>
            <br>
            <span class='label' title='arrow-up-left-square'>arrow-up-left-square</span>
        </div>


        <div class="preview">
            <span class="inner">
                <i class="icon icon-arrow-up-left"></i>
            </span>
            <br>
            <span class='label' title='arrow-up-left'>arrow-up-left</span>
        </div>


        <div class="preview">
            <span class="inner">
                <i class="icon icon-arrow-up-right-circle-fill"></i>
            </span>
            <br>
            <span class='label' title='arrow-up-right-circle-fill'>arrow-up-right-circle-fill</span>
        </div>


        <div class="preview">
            <span class="inner">
                <i class="icon icon-arrow-up-right-circle"></i>
            </span>
            <br>
            <span class='label' title='arrow-up-right-circle'>arrow-up-right-circle</span>
        </div>


        <div class="preview">
            <span class="inner">
                <i class="icon icon-arrow-up-right-square-fill"></i>
            </span>
            <br>
            <span class='label' title='arrow-up-right-square-fill'>arrow-up-right-square-fill</span>
        </div>


        <div class="preview">
            <span class="inner">
                <i class="icon icon-arrow-up-right-square"></i>
            </span>
            <br>
            <span class='label' title='arrow-up-right-square'>arrow-up-right-square</span>
        </div>


        <div class="preview">
            <span class="inner">
                <i class="icon icon-arrow-up-right"></i>
            </span>
            <br>
            <span class='label' title='arrow-up-right'>arrow-up-right</span>
        </div>


        <div class="preview">
            <span class="inner">
                <i class="icon icon-arrow-up-short"></i>
            </span>
            <br>
            <span class='label' title='arrow-up-short'>arrow-up-short</span>
        </div>


        <div class="preview">
            <span class="inner">
                <i class="icon icon-arrow-up-square-fill"></i>
            </span>
            <br>
            <span class='label' title='arrow-up-square-fill'>arrow-up-square-fill</span>
        </div>


        <div class="preview">
            <span class="inner">
                <i class="icon icon-arrow-up-square"></i>
            </span>
            <br>
            <span class='label' title='arrow-up-square'>arrow-up-square</span>
        </div>


        <div class="preview">
            <span class="inner">
                <i class="icon icon-arrow-up"></i>
            </span>
            <br>
            <span class='label' title='arrow-up'>arrow-up</span>
        </div>


        <div class="preview">
            <span class="inner">
                <i class="icon icon-arrows-angle-contract"></i>
            </span>
            <br>
            <span class='label' title='arrows-angle-contract'>arrows-angle-contract</span>
        </div>


        <div class="preview">
            <span class="inner">
                <i class="icon icon-arrows-angle-expand"></i>
            </span>
            <br>
            <span class='label' title='arrows-angle-expand'>arrows-angle-expand</span>
        </div>


        <div class="preview">
            <span class="inner">
                <i class="icon icon-arrows-collapse"></i>
            </span>
            <br>
            <span class='label' title='arrows-collapse'>arrows-collapse</span>
        </div>


        <div class="preview">
            <span class="inner">
                <i class="icon icon-arrows-expand"></i>
            </span>
            <br>
            <span class='label' title='arrows-expand'>arrows-expand</span>
        </div>


        <div class="preview">
            <span class="inner">
                <i class="icon icon-arrows-fullscreen"></i>
            </span>
            <br>
            <span class='label' title='arrows-fullscreen'>arrows-fullscreen</span>
        </div>


        <div class="preview">
            <span class="inner">
                <i class="icon icon-arrows-move"></i>
            </span>
            <br>
            <span class='label' title='arrows-move'>arrows-move</span>
        </div>


        <div class="preview">
            <span class="inner">
                <i class="icon icon-file-alt"></i>
            </span>
            <br>
            <span class='label' title='file-alt'>file-alt</span>
        </div>


        <div class="preview">
            <span class="inner">
                <i class="icon icon-file-archive"></i>
            </span>
            <br>
            <span class='label' title='file-archive'>file-archive</span>
        </div>


        <div class="preview">
            <span class="inner">
                <i class="icon icon-file-audio"></i>
            </span>
            <br>
            <span class='label' title='file-audio'>file-audio</span>
        </div>


        <div class="preview">
            <span class="inner">
                <i class="icon icon-file-code"></i>
            </span>
            <br>
            <span class='label' title='file-code'>file-code</span>
        </div>


        <div class="preview">
            <span class="inner">
                <i class="icon icon-file-contract"></i>
            </span>
            <br>
            <span class='label' title='file-contract'>file-contract</span>
        </div>


        <div class="preview">
            <span class="inner">
                <i class="icon icon-file-csv"></i>
            </span>
            <br>
            <span class='label' title='file-csv'>file-csv</span>
        </div>


        <div class="preview">
            <span class="inner">
                <i class="icon icon-file-download"></i>
            </span>
            <br>
            <span class='label' title='file-download'>file-download</span>
        </div>


        <div class="preview">
            <span class="inner">
                <i class="icon icon-file-excel"></i>
            </span>
            <br>
            <span class='label' title='file-excel'>file-excel</span>
        </div>


        <div class="preview">
            <span class="inner">
                <i class="icon icon-file-export"></i>
            </span>
            <br>
            <span class='label' title='file-export'>file-export</span>
        </div>


        <div class="preview">
            <span class="inner">
                <i class="icon icon-file-image"></i>
            </span>
            <br>
            <span class='label' title='file-image'>file-image</span>
        </div>


        <div class="preview">
            <span class="inner">
                <i class="icon icon-file-import"></i>
            </span>
            <br>
            <span class='label' title='file-import'>file-import</span>
        </div>


        <div class="preview">
            <span class="inner">
                <i class="icon icon-file-invoice-dollar"></i>
            </span>
            <br>
            <span class='label' title='file-invoice-dollar'>file-invoice-dollar</span>
        </div>


        <div class="preview">
            <span class="inner">
                <i class="icon icon-file-invoice"></i>
            </span>
            <br>
            <span class='label' title='file-invoice'>file-invoice</span>
        </div>


        <div class="preview">
            <span class="inner">
                <i class="icon icon-file-medical-alt"></i>
            </span>
            <br>
            <span class='label' title='file-medical-alt'>file-medical-alt</span>
        </div>


        <div class="preview">
            <span class="inner">
                <i class="icon icon-file-medical"></i>
            </span>
            <br>
            <span class='label' title='file-medical'>file-medical</span>
        </div>


        <div class="preview">
            <span class="inner">
                <i class="icon icon-file-pdf"></i>
            </span>
            <br>
            <span class='label' title='file-pdf'>file-pdf</span>
        </div>


        <div class="preview">
            <span class="inner">
                <i class="icon icon-file-powerpoint"></i>
            </span>
            <br>
            <span class='label' title='file-powerpoint'>file-powerpoint</span>
        </div>


        <div class="preview">
            <span class="inner">
                <i class="icon icon-file-prescription"></i>
            </span>
            <br>
            <span class='label' title='file-prescription'>file-prescription</span>
        </div>


        <div class="preview">
            <span class="inner">
                <i class="icon icon-file-signature"></i>
            </span>
            <br>
            <span class='label' title='file-signature'>file-signature</span>
        </div>


        <div class="preview">
            <span class="inner">
                <i class="icon icon-file-upload"></i>
            </span>
            <br>
            <span class='label' title='file-upload'>file-upload</span>
        </div>


        <div class="preview">
            <span class="inner">
                <i class="icon icon-file-video"></i>
            </span>
            <br>
            <span class='label' title='file-video'>file-video</span>
        </div>


        <div class="preview">
            <span class="inner">
                <i class="icon icon-file-word"></i>
            </span>
            <br>
            <span class='label' title='file-word'>file-word</span>
        </div>


        <div class="preview">
            <span class="inner">
                <i class="icon icon-file"></i>
            </span>
            <br>
            <span class='label' title='file'>file</span>
        </div>


    <h3>Font generated with <a href="https://marketplace.visualstudio.com/items?itemName=carlosorozcojimenez.icon-font-bundler" target="_blank">Icon Font Bundler</a></h3>
</body>
</html>