{
  "alarma": "f101",
  "caigudes": "f102",
  "clipboard": "f103",
  "cuestionario": "f104",
  "embarazada": "f105",
  "glove": "f106",
  "hand": "f107",
  "laboratori": "f108",
  "latex": "f109",
  "man": "f10a",
  "menu": "f10b",
  "menu1-mid": "f10c",
  "menu1-top": "f10d",
  "menu1": "f10e",
  "menu2-top": "f10f",
  "menu2": "f110",
  "menu3": "f111",
  "microscope": "f112",
  "parto": "f113",
  "pildora": "f114",
  "radio": "f115",
  "tireta": "f116"
}