{
  "arrow-90deg-down": "f101",
  "arrow-90deg-left": "f102",
  "arrow-90deg-right": "f103",
  "arrow-90deg-up": "f104",
  "arrow-bar-down": "f105",
  "arrow-bar-left": "f106",
  "arrow-bar-right": "f107",
  "arrow-bar-up": "f108",
  "arrow-clockwise": "f109",
  "arrow-counterclockwise": "f10a",
  "arrow-down-circle-fill": "f10b",
  "arrow-down-circle": "f10c",
  "arrow-down-left-circle-fill": "f10d",
  "arrow-down-left-circle": "f10e",
  "arrow-down-left-square-fill": "f10f",
  "arrow-down-left-square": "f110",
  "arrow-down-left": "f111",
  "arrow-down-right-circle-fill": "f112",
  "arrow-down-right-circle": "f113",
  "arrow-down-right-square-fill": "f114",
  "arrow-down-right-square": "f115",
  "arrow-down-right": "f116",
  "arrow-down-short": "f117",
  "arrow-down-square-fill": "f118",
  "arrow-down-square": "f119",
  "arrow-down-up": "f11a",
  "arrow-down": "f11b",
  "arrow-left-circle-fill": "f11c",
  "arrow-left-circle": "f11d",
  "arrow-left-right": "f11e",
  "arrow-left-short": "f11f",
  "arrow-left-square-fill": "f120",
  "arrow-left-square": "f121",
  "arrow-left": "f122",
  "arrow-repeat": "f123",
  "arrow-return-left": "f124",
  "arrow-return-right": "f125",
  "arrow-right-circle-fill": "f126",
  "arrow-right-circle": "f127",
  "arrow-right-short": "f128",
  "arrow-right-square-fill": "f129",
  "arrow-right-square": "f12a",
  "arrow-right": "f12b",
  "arrow-up-circle-fill": "f12c",
  "arrow-up-circle": "f12d",
  "arrow-up-left-circle-fill": "f12e",
  "arrow-up-left-circle": "f12f",
  "arrow-up-left-square-fill": "f130",
  "arrow-up-left-square": "f131",
  "arrow-up-left": "f132",
  "arrow-up-right-circle-fill": "f133",
  "arrow-up-right-circle": "f134",
  "arrow-up-right-square-fill": "f135",
  "arrow-up-right-square": "f136",
  "arrow-up-right": "f137",
  "arrow-up-short": "f138",
  "arrow-up-square-fill": "f139",
  "arrow-up-square": "f13a",
  "arrow-up": "f13b",
  "arrows-angle-contract": "f13c",
  "arrows-angle-expand": "f13d",
  "arrows-collapse": "f13e",
  "arrows-expand": "f13f",
  "arrows-fullscreen": "f140",
  "arrows-move": "f141",
  "file-alt": "f142",
  "file-archive": "f143",
  "file-audio": "f144",
  "file-code": "f145",
  "file-contract": "f146",
  "file-csv": "f147",
  "file-download": "f148",
  "file-excel": "f149",
  "file-export": "f14a",
  "file-image": "f14b",
  "file-import": "f14c",
  "file-invoice-dollar": "f14d",
  "file-invoice": "f14e",
  "file-medical-alt": "f14f",
  "file-medical": "f150",
  "file-pdf": "f151",
  "file-powerpoint": "f152",
  "file-prescription": "f153",
  "file-signature": "f154",
  "file-upload": "f155",
  "file-video": "f156",
  "file-word": "f157",
  "file": "f158"
}