<!DOCTYPE html>
<html lang="en">
<head>
    <meta charset="UTF-8">
    <title>test-far</title>

    <style>
        body {
            font-family: sans-serif;
            margin: 0;
            padding: 0.5rem;
            text-align: center;
            background-color: #f9f9f9;
        }
        a {
            color: #000000;
        }
        .preview {
            width: 12rem;
            display: inline-block;
            margin: 0.25rem;
            box-shadow: 1px 1px 2px 0px #b9b9b9;
            background: #ffffff;
            -webkit-border-radius: 3px;
            -moz-border-radius: 3px;
            border-radius: 3px;
        }
        .preview .inner {
            display: inline-block;
            width: 100%;
            text-align: center;
            background: #ffffff;
        }
        .preview .inner  {
            line-height: 2.5rem;
            font-size: 2.5rem;
            color: #000000;
            padding: 1rem;
            box-sizing: border-box;
        }
        .label {
            display: inline-block;
            width: 100%;
            font-size: 0.75rem;
            font-family: Monaco, monospace;
            white-space: nowrap;
            overflow: hidden;
            text-overflow: ellipsis;
            background: #fff;
            color: #585858;
        }
    </style>

    <link rel="stylesheet" type="text/css" href="test-far.css" />
</head>
<body>

    <h1>test-far</h1>


        <div class="preview">
            <span class="inner">
                <i class="icon icon-address-book"></i>
            </span>
            <br>
            <span class='label' title='address-book'>address-book</span>
        </div>


        <div class="preview">
            <span class="inner">
                <i class="icon icon-address-card"></i>
            </span>
            <br>
            <span class='label' title='address-card'>address-card</span>
        </div>


        <div class="preview">
            <span class="inner">
                <i class="icon icon-angry"></i>
            </span>
            <br>
            <span class='label' title='angry'>angry</span>
        </div>


        <div class="preview">
            <span class="inner">
                <i class="icon icon-arrow-alt-circle-down"></i>
            </span>
            <br>
            <span class='label' title='arrow-alt-circle-down'>arrow-alt-circle-down</span>
        </div>


        <div class="preview">
            <span class="inner">
                <i class="icon icon-arrow-alt-circle-left"></i>
            </span>
            <br>
            <span class='label' title='arrow-alt-circle-left'>arrow-alt-circle-left</span>
        </div>


        <div class="preview">
            <span class="inner">
                <i class="icon icon-arrow-alt-circle-right"></i>
            </span>
            <br>
            <span class='label' title='arrow-alt-circle-right'>arrow-alt-circle-right</span>
        </div>


        <div class="preview">
            <span class="inner">
                <i class="icon icon-arrow-alt-circle-up"></i>
            </span>
            <br>
            <span class='label' title='arrow-alt-circle-up'>arrow-alt-circle-up</span>
        </div>


        <div class="preview">
            <span class="inner">
                <i class="icon icon-bell"></i>
            </span>
            <br>
            <span class='label' title='bell'>bell</span>
        </div>


        <div class="preview">
            <span class="inner">
                <i class="icon icon-bell-slash"></i>
            </span>
            <br>
            <span class='label' title='bell-slash'>bell-slash</span>
        </div>


        <div class="preview">
            <span class="inner">
                <i class="icon icon-bookmark"></i>
            </span>
            <br>
            <span class='label' title='bookmark'>bookmark</span>
        </div>


        <div class="preview">
            <span class="inner">
                <i class="icon icon-building"></i>
            </span>
            <br>
            <span class='label' title='building'>building</span>
        </div>


        <div class="preview">
            <span class="inner">
                <i class="icon icon-calendar"></i>
            </span>
            <br>
            <span class='label' title='calendar'>calendar</span>
        </div>


        <div class="preview">
            <span class="inner">
                <i class="icon icon-calendar-alt"></i>
            </span>
            <br>
            <span class='label' title='calendar-alt'>calendar-alt</span>
        </div>


        <div class="preview">
            <span class="inner">
                <i class="icon icon-calendar-check"></i>
            </span>
            <br>
            <span class='label' title='calendar-check'>calendar-check</span>
        </div>


        <div class="preview">
            <span class="inner">
                <i class="icon icon-calendar-minus"></i>
            </span>
            <br>
            <span class='label' title='calendar-minus'>calendar-minus</span>
        </div>


        <div class="preview">
            <span class="inner">
                <i class="icon icon-calendar-plus"></i>
            </span>
            <br>
            <span class='label' title='calendar-plus'>calendar-plus</span>
        </div>


        <div class="preview">
            <span class="inner">
                <i class="icon icon-calendar-times"></i>
            </span>
            <br>
            <span class='label' title='calendar-times'>calendar-times</span>
        </div>


        <div class="preview">
            <span class="inner">
                <i class="icon icon-caret-square-down"></i>
            </span>
            <br>
            <span class='label' title='caret-square-down'>caret-square-down</span>
        </div>


        <div class="preview">
            <span class="inner">
                <i class="icon icon-caret-square-left"></i>
            </span>
            <br>
            <span class='label' title='caret-square-left'>caret-square-left</span>
        </div>


        <div class="preview">
            <span class="inner">
                <i class="icon icon-caret-square-right"></i>
            </span>
            <br>
            <span class='label' title='caret-square-right'>caret-square-right</span>
        </div>


        <div class="preview">
            <span class="inner">
                <i class="icon icon-caret-square-up"></i>
            </span>
            <br>
            <span class='label' title='caret-square-up'>caret-square-up</span>
        </div>


        <div class="preview">
            <span class="inner">
                <i class="icon icon-chart-bar"></i>
            </span>
            <br>
            <span class='label' title='chart-bar'>chart-bar</span>
        </div>


        <div class="preview">
            <span class="inner">
                <i class="icon icon-check-circle"></i>
            </span>
            <br>
            <span class='label' title='check-circle'>check-circle</span>
        </div>


        <div class="preview">
            <span class="inner">
                <i class="icon icon-check-square"></i>
            </span>
            <br>
            <span class='label' title='check-square'>check-square</span>
        </div>


        <div class="preview">
            <span class="inner">
                <i class="icon icon-circle"></i>
            </span>
            <br>
            <span class='label' title='circle'>circle</span>
        </div>


        <div class="preview">
            <span class="inner">
                <i class="icon icon-clipboard"></i>
            </span>
            <br>
            <span class='label' title='clipboard'>clipboard</span>
        </div>


        <div class="preview">
            <span class="inner">
                <i class="icon icon-clock"></i>
            </span>
            <br>
            <span class='label' title='clock'>clock</span>
        </div>


        <div class="preview">
            <span class="inner">
                <i class="icon icon-clone"></i>
            </span>
            <br>
            <span class='label' title='clone'>clone</span>
        </div>


        <div class="preview">
            <span class="inner">
                <i class="icon icon-closed-captioning"></i>
            </span>
            <br>
            <span class='label' title='closed-captioning'>closed-captioning</span>
        </div>


        <div class="preview">
            <span class="inner">
                <i class="icon icon-comment"></i>
            </span>
            <br>
            <span class='label' title='comment'>comment</span>
        </div>


        <div class="preview">
            <span class="inner">
                <i class="icon icon-comment-alt"></i>
            </span>
            <br>
            <span class='label' title='comment-alt'>comment-alt</span>
        </div>


        <div class="preview">
            <span class="inner">
                <i class="icon icon-comment-dots"></i>
            </span>
            <br>
            <span class='label' title='comment-dots'>comment-dots</span>
        </div>


        <div class="preview">
            <span class="inner">
                <i class="icon icon-comments"></i>
            </span>
            <br>
            <span class='label' title='comments'>comments</span>
        </div>


        <div class="preview">
            <span class="inner">
                <i class="icon icon-compass"></i>
            </span>
            <br>
            <span class='label' title='compass'>compass</span>
        </div>


        <div class="preview">
            <span class="inner">
                <i class="icon icon-copy"></i>
            </span>
            <br>
            <span class='label' title='copy'>copy</span>
        </div>


        <div class="preview">
            <span class="inner">
                <i class="icon icon-copyright"></i>
            </span>
            <br>
            <span class='label' title='copyright'>copyright</span>
        </div>


        <div class="preview">
            <span class="inner">
                <i class="icon icon-credit-card"></i>
            </span>
            <br>
            <span class='label' title='credit-card'>credit-card</span>
        </div>


        <div class="preview">
            <span class="inner">
                <i class="icon icon-dizzy"></i>
            </span>
            <br>
            <span class='label' title='dizzy'>dizzy</span>
        </div>


        <div class="preview">
            <span class="inner">
                <i class="icon icon-dot-circle"></i>
            </span>
            <br>
            <span class='label' title='dot-circle'>dot-circle</span>
        </div>


        <div class="preview">
            <span class="inner">
                <i class="icon icon-edit"></i>
            </span>
            <br>
            <span class='label' title='edit'>edit</span>
        </div>


        <div class="preview">
            <span class="inner">
                <i class="icon icon-envelope"></i>
            </span>
            <br>
            <span class='label' title='envelope'>envelope</span>
        </div>


        <div class="preview">
            <span class="inner">
                <i class="icon icon-envelope-open"></i>
            </span>
            <br>
            <span class='label' title='envelope-open'>envelope-open</span>
        </div>


        <div class="preview">
            <span class="inner">
                <i class="icon icon-eye"></i>
            </span>
            <br>
            <span class='label' title='eye'>eye</span>
        </div>


        <div class="preview">
            <span class="inner">
                <i class="icon icon-eye-slash"></i>
            </span>
            <br>
            <span class='label' title='eye-slash'>eye-slash</span>
        </div>


        <div class="preview">
            <span class="inner">
                <i class="icon icon-file"></i>
            </span>
            <br>
            <span class='label' title='file'>file</span>
        </div>


        <div class="preview">
            <span class="inner">
                <i class="icon icon-file-alt"></i>
            </span>
            <br>
            <span class='label' title='file-alt'>file-alt</span>
        </div>


        <div class="preview">
            <span class="inner">
                <i class="icon icon-file-archive"></i>
            </span>
            <br>
            <span class='label' title='file-archive'>file-archive</span>
        </div>


        <div class="preview">
            <span class="inner">
                <i class="icon icon-file-audio"></i>
            </span>
            <br>
            <span class='label' title='file-audio'>file-audio</span>
        </div>


        <div class="preview">
            <span class="inner">
                <i class="icon icon-file-code"></i>
            </span>
            <br>
            <span class='label' title='file-code'>file-code</span>
        </div>


        <div class="preview">
            <span class="inner">
                <i class="icon icon-file-excel"></i>
            </span>
            <br>
            <span class='label' title='file-excel'>file-excel</span>
        </div>


        <div class="preview">
            <span class="inner">
                <i class="icon icon-file-image"></i>
            </span>
            <br>
            <span class='label' title='file-image'>file-image</span>
        </div>


        <div class="preview">
            <span class="inner">
                <i class="icon icon-file-pdf"></i>
            </span>
            <br>
            <span class='label' title='file-pdf'>file-pdf</span>
        </div>


        <div class="preview">
            <span class="inner">
                <i class="icon icon-file-powerpoint"></i>
            </span>
            <br>
            <span class='label' title='file-powerpoint'>file-powerpoint</span>
        </div>


        <div class="preview">
            <span class="inner">
                <i class="icon icon-file-video"></i>
            </span>
            <br>
            <span class='label' title='file-video'>file-video</span>
        </div>


        <div class="preview">
            <span class="inner">
                <i class="icon icon-file-word"></i>
            </span>
            <br>
            <span class='label' title='file-word'>file-word</span>
        </div>


        <div class="preview">
            <span class="inner">
                <i class="icon icon-flag"></i>
            </span>
            <br>
            <span class='label' title='flag'>flag</span>
        </div>


        <div class="preview">
            <span class="inner">
                <i class="icon icon-flushed"></i>
            </span>
            <br>
            <span class='label' title='flushed'>flushed</span>
        </div>


        <div class="preview">
            <span class="inner">
                <i class="icon icon-folder"></i>
            </span>
            <br>
            <span class='label' title='folder'>folder</span>
        </div>


        <div class="preview">
            <span class="inner">
                <i class="icon icon-folder-open"></i>
            </span>
            <br>
            <span class='label' title='folder-open'>folder-open</span>
        </div>


        <div class="preview">
            <span class="inner">
                <i class="icon icon-font-awesome-logo-full"></i>
            </span>
            <br>
            <span class='label' title='font-awesome-logo-full'>font-awesome-logo-full</span>
        </div>


        <div class="preview">
            <span class="inner">
                <i class="icon icon-frown"></i>
            </span>
            <br>
            <span class='label' title='frown'>frown</span>
        </div>


        <div class="preview">
            <span class="inner">
                <i class="icon icon-frown-open"></i>
            </span>
            <br>
            <span class='label' title='frown-open'>frown-open</span>
        </div>


        <div class="preview">
            <span class="inner">
                <i class="icon icon-futbol"></i>
            </span>
            <br>
            <span class='label' title='futbol'>futbol</span>
        </div>


        <div class="preview">
            <span class="inner">
                <i class="icon icon-gem"></i>
            </span>
            <br>
            <span class='label' title='gem'>gem</span>
        </div>


        <div class="preview">
            <span class="inner">
                <i class="icon icon-grimace"></i>
            </span>
            <br>
            <span class='label' title='grimace'>grimace</span>
        </div>


        <div class="preview">
            <span class="inner">
                <i class="icon icon-grin"></i>
            </span>
            <br>
            <span class='label' title='grin'>grin</span>
        </div>


        <div class="preview">
            <span class="inner">
                <i class="icon icon-grin-alt"></i>
            </span>
            <br>
            <span class='label' title='grin-alt'>grin-alt</span>
        </div>


        <div class="preview">
            <span class="inner">
                <i class="icon icon-grin-beam"></i>
            </span>
            <br>
            <span class='label' title='grin-beam'>grin-beam</span>
        </div>


        <div class="preview">
            <span class="inner">
                <i class="icon icon-grin-beam-sweat"></i>
            </span>
            <br>
            <span class='label' title='grin-beam-sweat'>grin-beam-sweat</span>
        </div>


        <div class="preview">
            <span class="inner">
                <i class="icon icon-grin-hearts"></i>
            </span>
            <br>
            <span class='label' title='grin-hearts'>grin-hearts</span>
        </div>


        <div class="preview">
            <span class="inner">
                <i class="icon icon-grin-squint"></i>
            </span>
            <br>
            <span class='label' title='grin-squint'>grin-squint</span>
        </div>


        <div class="preview">
            <span class="inner">
                <i class="icon icon-grin-squint-tears"></i>
            </span>
            <br>
            <span class='label' title='grin-squint-tears'>grin-squint-tears</span>
        </div>


        <div class="preview">
            <span class="inner">
                <i class="icon icon-grin-stars"></i>
            </span>
            <br>
            <span class='label' title='grin-stars'>grin-stars</span>
        </div>


        <div class="preview">
            <span class="inner">
                <i class="icon icon-grin-tears"></i>
            </span>
            <br>
            <span class='label' title='grin-tears'>grin-tears</span>
        </div>


        <div class="preview">
            <span class="inner">
                <i class="icon icon-grin-tongue"></i>
            </span>
            <br>
            <span class='label' title='grin-tongue'>grin-tongue</span>
        </div>


        <div class="preview">
            <span class="inner">
                <i class="icon icon-grin-tongue-squint"></i>
            </span>
            <br>
            <span class='label' title='grin-tongue-squint'>grin-tongue-squint</span>
        </div>


        <div class="preview">
            <span class="inner">
                <i class="icon icon-grin-tongue-wink"></i>
            </span>
            <br>
            <span class='label' title='grin-tongue-wink'>grin-tongue-wink</span>
        </div>


        <div class="preview">
            <span class="inner">
                <i class="icon icon-grin-wink"></i>
            </span>
            <br>
            <span class='label' title='grin-wink'>grin-wink</span>
        </div>


        <div class="preview">
            <span class="inner">
                <i class="icon icon-hand-lizard"></i>
            </span>
            <br>
            <span class='label' title='hand-lizard'>hand-lizard</span>
        </div>


        <div class="preview">
            <span class="inner">
                <i class="icon icon-hand-paper"></i>
            </span>
            <br>
            <span class='label' title='hand-paper'>hand-paper</span>
        </div>


        <div class="preview">
            <span class="inner">
                <i class="icon icon-hand-peace"></i>
            </span>
            <br>
            <span class='label' title='hand-peace'>hand-peace</span>
        </div>


        <div class="preview">
            <span class="inner">
                <i class="icon icon-hand-point-down"></i>
            </span>
            <br>
            <span class='label' title='hand-point-down'>hand-point-down</span>
        </div>


        <div class="preview">
            <span class="inner">
                <i class="icon icon-hand-point-left"></i>
            </span>
            <br>
            <span class='label' title='hand-point-left'>hand-point-left</span>
        </div>


        <div class="preview">
            <span class="inner">
                <i class="icon icon-hand-point-right"></i>
            </span>
            <br>
            <span class='label' title='hand-point-right'>hand-point-right</span>
        </div>


        <div class="preview">
            <span class="inner">
                <i class="icon icon-hand-point-up"></i>
            </span>
            <br>
            <span class='label' title='hand-point-up'>hand-point-up</span>
        </div>


        <div class="preview">
            <span class="inner">
                <i class="icon icon-hand-pointer"></i>
            </span>
            <br>
            <span class='label' title='hand-pointer'>hand-pointer</span>
        </div>


        <div class="preview">
            <span class="inner">
                <i class="icon icon-hand-rock"></i>
            </span>
            <br>
            <span class='label' title='hand-rock'>hand-rock</span>
        </div>


        <div class="preview">
            <span class="inner">
                <i class="icon icon-hand-scissors"></i>
            </span>
            <br>
            <span class='label' title='hand-scissors'>hand-scissors</span>
        </div>


        <div class="preview">
            <span class="inner">
                <i class="icon icon-hand-spock"></i>
            </span>
            <br>
            <span class='label' title='hand-spock'>hand-spock</span>
        </div>


        <div class="preview">
            <span class="inner">
                <i class="icon icon-handshake"></i>
            </span>
            <br>
            <span class='label' title='handshake'>handshake</span>
        </div>


        <div class="preview">
            <span class="inner">
                <i class="icon icon-hdd"></i>
            </span>
            <br>
            <span class='label' title='hdd'>hdd</span>
        </div>


        <div class="preview">
            <span class="inner">
                <i class="icon icon-heart"></i>
            </span>
            <br>
            <span class='label' title='heart'>heart</span>
        </div>


        <div class="preview">
            <span class="inner">
                <i class="icon icon-hospital"></i>
            </span>
            <br>
            <span class='label' title='hospital'>hospital</span>
        </div>


        <div class="preview">
            <span class="inner">
                <i class="icon icon-hourglass"></i>
            </span>
            <br>
            <span class='label' title='hourglass'>hourglass</span>
        </div>


        <div class="preview">
            <span class="inner">
                <i class="icon icon-id-badge"></i>
            </span>
            <br>
            <span class='label' title='id-badge'>id-badge</span>
        </div>


        <div class="preview">
            <span class="inner">
                <i class="icon icon-id-card"></i>
            </span>
            <br>
            <span class='label' title='id-card'>id-card</span>
        </div>


        <div class="preview">
            <span class="inner">
                <i class="icon icon-image"></i>
            </span>
            <br>
            <span class='label' title='image'>image</span>
        </div>


        <div class="preview">
            <span class="inner">
                <i class="icon icon-images"></i>
            </span>
            <br>
            <span class='label' title='images'>images</span>
        </div>


        <div class="preview">
            <span class="inner">
                <i class="icon icon-keyboard"></i>
            </span>
            <br>
            <span class='label' title='keyboard'>keyboard</span>
        </div>


        <div class="preview">
            <span class="inner">
                <i class="icon icon-kiss"></i>
            </span>
            <br>
            <span class='label' title='kiss'>kiss</span>
        </div>


        <div class="preview">
            <span class="inner">
                <i class="icon icon-kiss-beam"></i>
            </span>
            <br>
            <span class='label' title='kiss-beam'>kiss-beam</span>
        </div>


        <div class="preview">
            <span class="inner">
                <i class="icon icon-kiss-wink-heart"></i>
            </span>
            <br>
            <span class='label' title='kiss-wink-heart'>kiss-wink-heart</span>
        </div>


        <div class="preview">
            <span class="inner">
                <i class="icon icon-laugh"></i>
            </span>
            <br>
            <span class='label' title='laugh'>laugh</span>
        </div>


        <div class="preview">
            <span class="inner">
                <i class="icon icon-laugh-beam"></i>
            </span>
            <br>
            <span class='label' title='laugh-beam'>laugh-beam</span>
        </div>


        <div class="preview">
            <span class="inner">
                <i class="icon icon-laugh-squint"></i>
            </span>
            <br>
            <span class='label' title='laugh-squint'>laugh-squint</span>
        </div>


        <div class="preview">
            <span class="inner">
                <i class="icon icon-laugh-wink"></i>
            </span>
            <br>
            <span class='label' title='laugh-wink'>laugh-wink</span>
        </div>


        <div class="preview">
            <span class="inner">
                <i class="icon icon-lemon"></i>
            </span>
            <br>
            <span class='label' title='lemon'>lemon</span>
        </div>


        <div class="preview">
            <span class="inner">
                <i class="icon icon-life-ring"></i>
            </span>
            <br>
            <span class='label' title='life-ring'>life-ring</span>
        </div>


        <div class="preview">
            <span class="inner">
                <i class="icon icon-lightbulb"></i>
            </span>
            <br>
            <span class='label' title='lightbulb'>lightbulb</span>
        </div>


        <div class="preview">
            <span class="inner">
                <i class="icon icon-list-alt"></i>
            </span>
            <br>
            <span class='label' title='list-alt'>list-alt</span>
        </div>


        <div class="preview">
            <span class="inner">
                <i class="icon icon-map"></i>
            </span>
            <br>
            <span class='label' title='map'>map</span>
        </div>


        <div class="preview">
            <span class="inner">
                <i class="icon icon-meh"></i>
            </span>
            <br>
            <span class='label' title='meh'>meh</span>
        </div>


        <div class="preview">
            <span class="inner">
                <i class="icon icon-meh-blank"></i>
            </span>
            <br>
            <span class='label' title='meh-blank'>meh-blank</span>
        </div>


        <div class="preview">
            <span class="inner">
                <i class="icon icon-meh-rolling-eyes"></i>
            </span>
            <br>
            <span class='label' title='meh-rolling-eyes'>meh-rolling-eyes</span>
        </div>


        <div class="preview">
            <span class="inner">
                <i class="icon icon-minus-square"></i>
            </span>
            <br>
            <span class='label' title='minus-square'>minus-square</span>
        </div>


        <div class="preview">
            <span class="inner">
                <i class="icon icon-money-bill-alt"></i>
            </span>
            <br>
            <span class='label' title='money-bill-alt'>money-bill-alt</span>
        </div>


        <div class="preview">
            <span class="inner">
                <i class="icon icon-moon"></i>
            </span>
            <br>
            <span class='label' title='moon'>moon</span>
        </div>


        <div class="preview">
            <span class="inner">
                <i class="icon icon-newspaper"></i>
            </span>
            <br>
            <span class='label' title='newspaper'>newspaper</span>
        </div>


        <div class="preview">
            <span class="inner">
                <i class="icon icon-object-group"></i>
            </span>
            <br>
            <span class='label' title='object-group'>object-group</span>
        </div>


        <div class="preview">
            <span class="inner">
                <i class="icon icon-object-ungroup"></i>
            </span>
            <br>
            <span class='label' title='object-ungroup'>object-ungroup</span>
        </div>


        <div class="preview">
            <span class="inner">
                <i class="icon icon-paper-plane"></i>
            </span>
            <br>
            <span class='label' title='paper-plane'>paper-plane</span>
        </div>


        <div class="preview">
            <span class="inner">
                <i class="icon icon-pause-circle"></i>
            </span>
            <br>
            <span class='label' title='pause-circle'>pause-circle</span>
        </div>


        <div class="preview">
            <span class="inner">
                <i class="icon icon-play-circle"></i>
            </span>
            <br>
            <span class='label' title='play-circle'>play-circle</span>
        </div>


        <div class="preview">
            <span class="inner">
                <i class="icon icon-plus-square"></i>
            </span>
            <br>
            <span class='label' title='plus-square'>plus-square</span>
        </div>


        <div class="preview">
            <span class="inner">
                <i class="icon icon-question-circle"></i>
            </span>
            <br>
            <span class='label' title='question-circle'>question-circle</span>
        </div>


        <div class="preview">
            <span class="inner">
                <i class="icon icon-registered"></i>
            </span>
            <br>
            <span class='label' title='registered'>registered</span>
        </div>


        <div class="preview">
            <span class="inner">
                <i class="icon icon-sad-cry"></i>
            </span>
            <br>
            <span class='label' title='sad-cry'>sad-cry</span>
        </div>


        <div class="preview">
            <span class="inner">
                <i class="icon icon-sad-tear"></i>
            </span>
            <br>
            <span class='label' title='sad-tear'>sad-tear</span>
        </div>


        <div class="preview">
            <span class="inner">
                <i class="icon icon-save"></i>
            </span>
            <br>
            <span class='label' title='save'>save</span>
        </div>


        <div class="preview">
            <span class="inner">
                <i class="icon icon-share-square"></i>
            </span>
            <br>
            <span class='label' title='share-square'>share-square</span>
        </div>


        <div class="preview">
            <span class="inner">
                <i class="icon icon-smile"></i>
            </span>
            <br>
            <span class='label' title='smile'>smile</span>
        </div>


        <div class="preview">
            <span class="inner">
                <i class="icon icon-smile-beam"></i>
            </span>
            <br>
            <span class='label' title='smile-beam'>smile-beam</span>
        </div>


        <div class="preview">
            <span class="inner">
                <i class="icon icon-smile-wink"></i>
            </span>
            <br>
            <span class='label' title='smile-wink'>smile-wink</span>
        </div>


        <div class="preview">
            <span class="inner">
                <i class="icon icon-snowflake"></i>
            </span>
            <br>
            <span class='label' title='snowflake'>snowflake</span>
        </div>


        <div class="preview">
            <span class="inner">
                <i class="icon icon-square"></i>
            </span>
            <br>
            <span class='label' title='square'>square</span>
        </div>


        <div class="preview">
            <span class="inner">
                <i class="icon icon-star"></i>
            </span>
            <br>
            <span class='label' title='star'>star</span>
        </div>


        <div class="preview">
            <span class="inner">
                <i class="icon icon-star-half"></i>
            </span>
            <br>
            <span class='label' title='star-half'>star-half</span>
        </div>


        <div class="preview">
            <span class="inner">
                <i class="icon icon-sticky-note"></i>
            </span>
            <br>
            <span class='label' title='sticky-note'>sticky-note</span>
        </div>


        <div class="preview">
            <span class="inner">
                <i class="icon icon-stop-circle"></i>
            </span>
            <br>
            <span class='label' title='stop-circle'>stop-circle</span>
        </div>


        <div class="preview">
            <span class="inner">
                <i class="icon icon-sun"></i>
            </span>
            <br>
            <span class='label' title='sun'>sun</span>
        </div>


        <div class="preview">
            <span class="inner">
                <i class="icon icon-surprise"></i>
            </span>
            <br>
            <span class='label' title='surprise'>surprise</span>
        </div>


        <div class="preview">
            <span class="inner">
                <i class="icon icon-thumbs-down"></i>
            </span>
            <br>
            <span class='label' title='thumbs-down'>thumbs-down</span>
        </div>


        <div class="preview">
            <span class="inner">
                <i class="icon icon-thumbs-up"></i>
            </span>
            <br>
            <span class='label' title='thumbs-up'>thumbs-up</span>
        </div>


        <div class="preview">
            <span class="inner">
                <i class="icon icon-times-circle"></i>
            </span>
            <br>
            <span class='label' title='times-circle'>times-circle</span>
        </div>


        <div class="preview">
            <span class="inner">
                <i class="icon icon-tired"></i>
            </span>
            <br>
            <span class='label' title='tired'>tired</span>
        </div>


        <div class="preview">
            <span class="inner">
                <i class="icon icon-trash-alt"></i>
            </span>
            <br>
            <span class='label' title='trash-alt'>trash-alt</span>
        </div>


        <div class="preview">
            <span class="inner">
                <i class="icon icon-user"></i>
            </span>
            <br>
            <span class='label' title='user'>user</span>
        </div>


        <div class="preview">
            <span class="inner">
                <i class="icon icon-user-circle"></i>
            </span>
            <br>
            <span class='label' title='user-circle'>user-circle</span>
        </div>


        <div class="preview">
            <span class="inner">
                <i class="icon icon-window-close"></i>
            </span>
            <br>
            <span class='label' title='window-close'>window-close</span>
        </div>


        <div class="preview">
            <span class="inner">
                <i class="icon icon-window-maximize"></i>
            </span>
            <br>
            <span class='label' title='window-maximize'>window-maximize</span>
        </div>


        <div class="preview">
            <span class="inner">
                <i class="icon icon-window-minimize"></i>
            </span>
            <br>
            <span class='label' title='window-minimize'>window-minimize</span>
        </div>


        <div class="preview">
            <span class="inner">
                <i class="icon icon-window-restore"></i>
            </span>
            <br>
            <span class='label' title='window-restore'>window-restore</span>
        </div>


    <h3>Font generated with <a href="https://marketplace.visualstudio.com/items?itemName=carlosorozcojimenez.icon-font-bundler" target="_blank">Icon Font Bundler</a></h3>
</body>
</html>